// Jest Snapshot v1, https://goo.gl/fbAQLP

exports[`home renders 1`] = `
<div>
  <div
    class="MuiContainer-root MuiContainer-maxWidthLg css-1oqqzyl-MuiContainer-root"
  >
    Portfolio {}
  </div>
</div>
`;
