// Jest Snapshot v1, https://goo.gl/fbAQLP

exports[`home renders 1`] = `
<div>
  <div
    class="flex flex-col items-center"
  />
</div>
`;
